"id","text"
"1","Příliš žluťoučký kůň úpěl ďábelské ódy."
